[debug] [2026-09-23T19:39:01.461Z] ----------------------------------------------------------------------
[debug] [2026-09-23T19:39:01.464Z] Command:       C:\Program Files\nodejs\node.exe C:\Users\srava\AppData\Roaming\npm\node_modules\firebase-tools\lib\bin\firebase.js init firestore
[debug] [2026-09-23T19:39:01.464Z] CLI Version:   15.30.2
[debug] [2026-09-23T19:39:01.464Z] Platform:      win32
[debug] [2026-09-23T19:39:01.464Z] Node Version:  v24.12.0
[debug] [2026-09-23T19:39:01.464Z] Detected Agent: unknown
[debug] [2026-09-23T19:39:01.464Z] Time:          Thu Sep 24 2026 01:09:01 GMT+0530 (India Standard Time)
[debug] [2026-09-23T19:39:01.464Z] ----------------------------------------------------------------------
[debug] 
[debug] [2026-09-23T19:39:01.477Z] >>> [apiv2][query] GET https://firebase-public.firebaseio.com/cli.json [none]
[info] 
     ######## #### ########  ######## ########     ###     ######  ########
     ##        ##  ##     ## ##       ##     ##  ##   ##  ##       ##
     ######    ##  ########  ######   ########  #########  ######  ######
     ##        ##  ##    ##  ##       ##     ## ##     ##       ## ##
     ##       #### ##     ## ######## ########  ##     ##  ######  ########

You're about to initialize a Firebase project in this directory:

  D:\Projects\studylab

[debug] [2026-09-23T19:39:34.321Z] <<< [apiv2][status] GET https://firebase-public.firebaseio.com/cli.json 200
[debug] [2026-09-23T19:39:34.321Z] <<< [apiv2][body] GET https://firebase-public.firebaseio.com/cli.json {"cloudBuildErrorAfter":1594252800000,"cloudBuildWarnAfter":1590019200000,"defaultNode10After":1594252800000,"minVersion":"3.0.5","node8DeploysDisabledAfter":1613390400000,"node8RuntimeDisabledAfter":1615809600000,"node8WarnAfter":1600128000000}
[info] 
=== Project Setup
[info] 
[info] First, let's associate this project directory with a Firebase project.
[info] You can create multiple project aliases by running firebase use --add, 
[info] 
[debug] [2026-09-23T19:39:42.135Z] > command requires scopes: ["email","openid","https://www.googleapis.com/auth/cloudplatformprojects.readonly","https://www.googleapis.com/auth/firebase","https://www.googleapis.com/auth/cloud-platform"]
[debug] [2026-09-23T19:39:42.136Z] > authorizing via signed-in user (saisravanthikondaviti@gmail.com)
[debug] [2026-09-23T19:39:42.138Z] Checked if tokens are valid: false, expires at: 1771616140062
[debug] [2026-09-23T19:39:42.138Z] Checked if tokens are valid: false, expires at: 1771616140062
[debug] [2026-09-23T19:39:42.138Z] > refreshing access token with scopes: []
[debug] [2026-09-23T19:39:42.140Z] >>> [apiv2][query] POST https://www.googleapis.com/oauth2/v3/token [none]
[debug] [2026-09-23T19:39:42.140Z] >>> [apiv2][body] POST https://www.googleapis.com/oauth2/v3/token [omitted]
[debug] [2026-09-23T19:39:42.342Z] <<< [apiv2][status] POST https://www.googleapis.com/oauth2/v3/token 400
[debug] [2026-09-23T19:39:42.343Z] <<< [apiv2][body] POST https://www.googleapis.com/oauth2/v3/token [omitted]
[debug] [2026-09-23T19:39:42.343Z] >>> [apiv2][query] GET https://firebase.googleapis.com/v1beta1/projects pageSize=100
[debug] [2026-09-23T19:39:42.892Z] <<< [apiv2][status] GET https://firebase.googleapis.com/v1beta1/projects 401
[debug] [2026-09-23T19:39:42.892Z] <<< [apiv2][body] GET https://firebase.googleapis.com/v1beta1/projects [omitted]
[debug] [2026-09-23T19:39:42.893Z] Got a 401 Unauthenticated error for a call that required authentication. Refreshing tokens.
[debug] [2026-09-23T19:39:42.893Z] Checked if tokens are valid: false, expires at: 1771616140062
[debug] [2026-09-23T19:39:42.893Z] Checked if tokens are valid: false, expires at: 1771616140062
[debug] [2026-09-23T19:39:42.893Z] > refreshing access token with scopes: []
[debug] [2026-09-23T19:39:42.894Z] >>> [apiv2][query] POST https://www.googleapis.com/oauth2/v3/token [none]
[debug] [2026-09-23T19:39:42.894Z] >>> [apiv2][body] POST https://www.googleapis.com/oauth2/v3/token [omitted]
[debug] [2026-09-23T19:39:42.972Z] <<< [apiv2][status] POST https://www.googleapis.com/oauth2/v3/token 400
[debug] [2026-09-23T19:39:42.973Z] <<< [apiv2][body] POST https://www.googleapis.com/oauth2/v3/token [omitted]
[debug] [2026-09-23T19:39:42.973Z] Request to https://firebase.googleapis.com/v1beta1/projects?pageSize=100 had HTTP Error: 401, Request had invalid authentication credentials. Expected OAuth 2 access token, login cookie or other valid authentication credential. See https://developers.google.com/identity/sign-in/web/devconsole-project.
[debug] [2026-09-23T19:39:43.192Z] FirebaseError: Request to https://firebase.googleapis.com/v1beta1/projects?pageSize=100 had HTTP Error: 401, Request had invalid authentication credentials. Expected OAuth 2 access token, login cookie or other valid authentication credential. See https://developers.google.com/identity/sign-in/web/devconsole-project.
    at responseToError (C:\Users\srava\AppData\Roaming\npm\node_modules\firebase-tools\lib\responseToError.js:53:12)
    at RetryOperation._fn (C:\Users\srava\AppData\Roaming\npm\node_modules\firebase-tools\lib\apiv2.js:415:77)
    at process.processTicksAndRejections (node:internal/process/task_queues:103:5)
[error] 
[error] Error: Failed to list Firebase projects. See firebase-debug.log for more info.
[debug] [2026-09-23T19:40:06.648Z] ----------------------------------------------------------------------
[debug] [2026-09-23T19:40:06.651Z] Command:       C:\Program Files\nodejs\node.exe C:\Users\srava\AppData\Roaming\npm\node_modules\firebase-tools\lib\bin\firebase.js projects:list
[debug] [2026-09-23T19:40:06.651Z] CLI Version:   15.30.2
[debug] [2026-09-23T19:40:06.651Z] Platform:      win32
[debug] [2026-09-23T19:40:06.651Z] Node Version:  v24.12.0
[debug] [2026-09-23T19:40:06.652Z] Detected Agent: unknown
[debug] [2026-09-23T19:40:06.652Z] Time:          Thu Sep 24 2026 01:10:06 GMT+0530 (India Standard Time)
[debug] [2026-09-23T19:40:06.652Z] ----------------------------------------------------------------------
[debug] 
[debug] [2026-09-23T19:40:06.681Z] > command requires scopes: ["email","openid","https://www.googleapis.com/auth/cloudplatformprojects.readonly","https://www.googleapis.com/auth/firebase","https://www.googleapis.com/auth/cloud-platform"]
[debug] [2026-09-23T19:40:06.681Z] > authorizing via signed-in user (saisravanthikondaviti@gmail.com)
[debug] [2026-09-23T19:40:06.698Z] Checked if tokens are valid: false, expires at: 1771616140062
[debug] [2026-09-23T19:40:06.698Z] Checked if tokens are valid: false, expires at: 1771616140062
[debug] [2026-09-23T19:40:06.698Z] > refreshing access token with scopes: []
[debug] [2026-09-23T19:40:06.700Z] >>> [apiv2][query] POST https://www.googleapis.com/oauth2/v3/token [none]
[debug] [2026-09-23T19:40:06.700Z] >>> [apiv2][body] POST https://www.googleapis.com/oauth2/v3/token [omitted]
[debug] [2026-09-23T19:40:06.909Z] <<< [apiv2][status] POST https://www.googleapis.com/oauth2/v3/token 400
[debug] [2026-09-23T19:40:06.910Z] <<< [apiv2][body] POST https://www.googleapis.com/oauth2/v3/token [omitted]
[debug] [2026-09-23T19:40:06.910Z] >>> [apiv2][query] GET https://firebase.googleapis.com/v1beta1/projects pageSize=1000
[debug] [2026-09-23T19:40:07.123Z] <<< [apiv2][status] GET https://firebase.googleapis.com/v1beta1/projects 401
[debug] [2026-09-23T19:40:07.123Z] <<< [apiv2][body] GET https://firebase.googleapis.com/v1beta1/projects [omitted]
[debug] [2026-09-23T19:40:07.123Z] Got a 401 Unauthenticated error for a call that required authentication. Refreshing tokens.
[debug] [2026-09-23T19:40:07.123Z] Checked if tokens are valid: false, expires at: 1771616140062
[debug] [2026-09-23T19:40:07.123Z] Checked if tokens are valid: false, expires at: 1771616140062
[debug] [2026-09-23T19:40:07.123Z] > refreshing access token with scopes: []
[debug] [2026-09-23T19:40:07.124Z] >>> [apiv2][query] POST https://www.googleapis.com/oauth2/v3/token [none]
[debug] [2026-09-23T19:40:07.124Z] >>> [apiv2][body] POST https://www.googleapis.com/oauth2/v3/token [omitted]
[debug] [2026-09-23T19:40:07.197Z] <<< [apiv2][status] POST https://www.googleapis.com/oauth2/v3/token 400
[debug] [2026-09-23T19:40:07.197Z] <<< [apiv2][body] POST https://www.googleapis.com/oauth2/v3/token [omitted]
[debug] [2026-09-23T19:40:07.198Z] Request to https://firebase.googleapis.com/v1beta1/projects?pageSize=1000 had HTTP Error: 401, Request had invalid authentication credentials. Expected OAuth 2 access token, login cookie or other valid authentication credential. See https://developers.google.com/identity/sign-in/web/devconsole-project.
[debug] [2026-09-23T19:40:07.437Z] FirebaseError: Request to https://firebase.googleapis.com/v1beta1/projects?pageSize=1000 had HTTP Error: 401, Request had invalid authentication credentials. Expected OAuth 2 access token, login cookie or other valid authentication credential. See https://developers.google.com/identity/sign-in/web/devconsole-project.
    at responseToError (C:\Users\srava\AppData\Roaming\npm\node_modules\firebase-tools\lib\responseToError.js:53:12)
    at RetryOperation._fn (C:\Users\srava\AppData\Roaming\npm\node_modules\firebase-tools\lib\apiv2.js:415:77)
    at process.processTicksAndRejections (node:internal/process/task_queues:103:5)
[error] 
[error] Error: Failed to list Firebase projects. See firebase-debug.log for more info.
